// Jest Snapshot v1, https://goo.gl/fbAQLP

exports[`ArticleList tests renders correctly 1`] = `
<div>
  <ul
    class="articleList"
  >
    <li>
      <div
        class="articleItem"
      >
        <h1
          class="articleTitle"
        >
          test article title
        </h1>
        <button
          class="toggleButton"
        >
          Show more
        </button>
      </div>
    </li>
    <li>
      <div
        class="articleItem"
      >
        <h1
          class="articleTitle"
        >
          test article title2
        </h1>
        <button
          class="toggleButton"
        >
          Show more
        </button>
      </div>
    </li>
  </ul>
</div>
`;
